// Jest Snapshot v1, https://goo.gl/fbAQLP

exports[`cli collect: default --no-output no-arg: cli collect: default 1`] = `
Object {
  "json": "{
  \\"admin\\": {
    \\"users\\": {
      \\"$id\\": {
        \\"index\\": \\"/admin/users/[id]\\",
        \\"posts\\": {
          \\"$postId\\": \\"/admin/users/[id]/posts/[post_id]\\",
          \\"l$shortLink$L\\": \\"/admin/users/[id]/posts/l-[short-link]-l\\",
          \\"s$slug\\": \\"/admin/users/[id]/posts/s-[slug]\\",
          \\"__dir\\": \\"/admin/users/[id]/posts\\"
        }
      },
      \\"index\\": \\"/admin/users\\"
    },
    \\"__dir\\": \\"/admin\\"
  },
  \\"index\\": \\"/\\",
  \\"me\\": \\"/me\\",
  \\"signIn\\": \\"/sign-in\\",
  \\"signUp\\": \\"/sign-up\\"
}",
  "route": "export { default as AppRoutes } from './routes.json';
/**
 * build a complete path with injected arguments
 * @param path {string} based path
 * @param args {string[]} arguments to inject
 */
export function route(path: string, ...args: string[]): string {
  const params = path.match(/\\\\[[a-zA-Z_-]+\\\\]/g) ?? [];
  for (const i in params) {
    path = path.replace(params[i], args[i]);
  }
  return path;
}

",
}
`;
